// Jest Snapshot v1, https://goo.gl/fbAQLP

exports[`snapshot tombstone 1`] = `
<div
  className="wrapper"
/>
`;
